
> portfolio-app@0.1.0 build
> next build

  Γû▓ Next.js 14.2.35

   Creating an optimized production build ...
 Γ£ô Compiled successfully
   Skipping linting
   Checking validity of types ...
node.exe : Failed to compile.
At line:1 char:1
+ & "C:\Program 
Files\nodejs/node.exe" "C:\Use
rs\Vijay\AppData\Roaming\ ...
+ ~~~~~~~~~~~~~~~~~~~~~~~~~~~~
~~~~~~~~~~~~~~~~~~~~~~~~~~~~~~
~~~~~~~~~~~
    + CategoryInfo          : 
    NotSpecified: (Failed to  
   compile.:String) [], Rem   
 oteException
    + FullyQualifiedErrorId : 
    NativeCommandError
 

./components/CertificateVault.
tsx:7:19
Type error: 
'"react-icons/si"' has no 
exported member named 
'SiIbm'. Did you mean 'SiVim'?

[0m [90m  5 |[39m 
[36mimport[39m { [33mHiLock
Closed[39m[33m,[39m [33mHi
LockOpen[39m[33m,[39m 
[33mHiX[39m[33m,[39m 
[33mHiShieldCheck[39m } 
[36mfrom[39m [32m"react-ico
ns/hi"[39m[33m;[39m[0m
[0m [90m  6 |[39m 
[36mimport[39m { 
[33mFaGoogle[39m[33m,[39m 
[33mFaAws[39m } 
[36mfrom[39m [32m"react-ico
ns/fa"[39m[33m;[39m[0m
[0m[31m[1m>[22m[39m[90m 
 7 |[39m [36mimport[39m { 
[33mSiCisco[39m[33m,[39m 
[33mSiIbm[39m[33m,[39m [3
3mSiMicrosoft[39m[33m,[39m 
[33mSiEclipseadoptium[39m } 
[36mfrom[39m [32m"react-ico
ns/si"[39m[33m;[39m[0m
[0m [90m    |[39m          
         
[31m[1m^[22m[39m[0m
[0m [90m  8 |[39m[0m
[0m [90m  9 |[39m 
[36mconst[39m 
[33mCERTIFICATES[39m 
[33m=[39m [[0m
[0m [90m 10 |[39m     {[0m
Next.js build worker exited 
with code: 1 and signal: null
